                  1: 		ORIG 10
  0x00A: 0x000    2: XADDR,  X
  0x00B: 0x000    3: MSG,    M
  0x00C: 0x007    4: N,		7
                  5: 
                  6: 
                  7: 		ORIG 256
  0x100: 0x000    8: TEMP,	0
  0x101: 0x000    9: LOOPN,	0
                 10: 
  0x102: 0x000   11: FOUND,	0
  0x103: 0xE80   12: 		CLA
  0x104: 0x300   13: 		TAD I XPTR
  0x105: 0xE21   14: 		CMA IAC
  0x106: 0x100   15: 		AND I XPTR
  0x107: 0x700   16: 		DCA I XPTR
  0x108: 0xB82   17: 		JMP I FOUND
                 18: 
                 19: 
                 20: START,	
  0x109: 0xEC7   21: 		CLA CLL IAC RTL
  0x10A: 0x680   22: 		DCA	TEMP	/ SAVE A
  0x10B: 0x20C   23:  		TAD	N	
  0x10C: 0xE21   24:  		CMA IAC		/ -N FOR ISZ
  0x10D: 0x681   25:  		DCA	LOOPN	
  0x10E: 0x20A   26: 		TAD XADDR
  0x10F: 0x600   27: 		DCA XPTR
                 28: /	
  0x110: 0x300   29: LOOP,	TAD	I XPTR	
  0x111: 0xE21   30:  		CMA IAC		/ -X
  0x112: 0x280   31:  		TAD	TEMP	/ A-X
  0x113: 0xFA8   32:  		SNA CLA		/ SKIP IF NOT EQUAL, CLEAR A
  0x114: 0x882   33:  		JMS	FOUND	/ FOUND IT
  0x115: 0x400   34: 		ISZ XPTR    / next X value
  0x116: 0x481   35:  		ISZ	LOOPN	/ TEST END OF LOOP
  0x117: 0xA90   36:  		JMP	LOOP	
  0x118: 0xE80   37: 		CLA
  0x119: 0x20B   38: 		TAD MSG
  0x11A: 0x800   39: 		JMS PRINT
  0x11B: 0xF02   40: 		HLT
                 41: XPTR,
                 42: 
  0x11C: 0x000   43: P0,     0
  0x11D: 0x000   44: PRINT,  0
  0x11E: 0x69C   45: 		DCA  P0
  0x11F: 0x39C   46: P1,		TAD I P0
  0x120: 0xF28   47: 		SZA RSS
  0x121: 0xB9D   48: 		JMP I PRINT
  0x122: 0xC20   49: 		IOT 4,0
  0x123: 0x49C   50: 		ISZ P0
  0x124: 0xE80   51: 		CLA
  0x125: 0xA9F   52: 		JMP P1
                 53: 
                 54: 		
                 55: 		ORIG 512
  0x200: 0x001   56: X,      1
  0x201: 0x002   57: 		2
  0x202: 0x003   58: 		3
  0x203: 0x004   59: 		4
  0x204: 0x005   60: 		5
  0x205: 0x006   61: 		6
                 62: 
                 63: 		ORIG 900
  0x384: 0x044   64: M,      'D'
  0x385: 0x04F   65: 		'O'
  0x386: 0x04E   66: 		'N'
  0x387: 0x045   67: 		'E'
  0x388: 0x00A   68: 		10
  0x389: 0x000   69: 		0
                 70: 		END START
