  0x000: 0x001    1: one,	1
  0x001: 0x002    2: two,	2
  0x002: 0x058    3: x,	88
  0x003: 0x041    4: a,	65
  0x004: 0x0FF    5: addr_of_exit, 255
  0x005: 0x000    6: trash, 0
  0x006: 0x063    7: a_letter, 'c'
                  8: 
  0x007: 0x000    9: program,	0
  0x008: 0xE80   10: 		CLA
  0x009: 0x200   11: 		TAD one
  0x00A: 0x001   12: 		AND two
  0x00B: 0xF20   13: 		SZA
  0x00C: 0x202   14: 		TAD x
  0x00D: 0xC20   15: 		IOT 4 0		/ if x is printed, something's wrong
  0x00E: 0x403   16: 		ISZ a
  0x00F: 0xE06   17: 		RTL
  0x010: 0xE20   18: 		CMA
  0x011: 0xE08   19: 		RAR
  0x012: 0xE0A   20: 		RTR
  0x013: 0xE10   21: 		CML
  0x014: 0xF10   22: 		SNL
  0x015: 0xE00   23: 		NOP
  0x016: 0x605   24: 		DCA trash
  0x017: 0xF28   25: 		SZA RSS
  0x018: 0xE10   26: 		CML
  0x019: 0x202   27: 		TAD x
  0x01A: 0xF10   28: 		SNL
  0x01B: 0xC20   29: 		IOT 4 0		/ if x is printed, something's wrong
  0x01C: 0x800   30: 		JMS do_it
  0x01D: 0xE80   31: 		CLA
  0x01E: 0xE01   32: 		IAC
  0x01F: 0xE04   33: 		RAL
  0x020: 0xB04   34: 		JMP I addr_of_exit
                 35: 
  0x021: 0x000   36: do_it, 0
  0x022: 0xF04   37: 		OSR
  0x023: 0xE80   38: 		CLA
  0x024: 0x202   39: 		TAD x
  0x025: 0xF48   40: 		SMA RSS
  0x026: 0xC20   41: 		IOT 4,0		/ if x is printed, something's wrong
  0x027: 0xC18   42: 		IOT 3,0
  0x028: 0xC18   43: 		IOT 3 0
  0x029: 0x921   44: 		JMS I do_it
                 45: 
                 46: ORIG 255
  0x0FF: 0x000   47: exit, 0
  0x100: 0xF02   48: 	HLT
                 49: END program
