  0x000: 0x000    1: main, 0
  0x001: 0xF02    2: 		HLT
  0x002: 0xF02    3: 		HLT
  0x003: 0xF02    4: 		HLT
  0x004: 0xF02    5: 		HLT
  0x005: 0xF02    6: 		HLT
  0x006: 0xF02    7: 		HLT
  0x007: 0xF02    8: 		HLT
  0x008: 0xF02    9: 		HLT
  0x009: 0xF02   10: 		HLT
  0x00A: 0xF02   11: 		HLT
  0x00B: 0xF02   12: 		HLT
  0x00C: 0xF02   13: 		HLT
  0x00D: 0xF02   14: 		HLT
  0x00E: 0xF02   15: 		HLT
  0x00F: 0xF02   16: 		HLT
  0x010: 0xF02   17: 		HLT
  0x011: 0xF02   18: 		HLT
  0x012: 0xF02   19: 		HLT
  0x013: 0xF02   20: 		HLT
  0x014: 0xF02   21: 		HLT
  0x015: 0xF02   22: 		HLT
  0x016: 0xF02   23: 		HLT
  0x017: 0xF02   24: 		HLT
  0x018: 0xF02   25: 		HLT
  0x019: 0xF02   26: 		HLT
  0x01A: 0xF02   27: 		HLT
  0x01B: 0xF02   28: 		HLT
  0x01C: 0xF02   29: 		HLT
  0x01D: 0xF02   30: 		HLT
  0x01E: 0xF02   31: 		HLT
  0x01F: 0xF02   32: 		HLT
  0x020: 0xF02   33: 		HLT
  0x021: 0xF02   34: 		HLT
  0x022: 0xF02   35: 		HLT
  0x023: 0xF02   36: 		HLT
  0x024: 0xF02   37: 		HLT
  0x025: 0xF02   38: 		HLT
  0x026: 0xF02   39: 		HLT
  0x027: 0xF02   40: 		HLT
  0x028: 0xF02   41: 		HLT
  0x029: 0xF02   42: 		HLT
  0x02A: 0xF02   43: 		HLT
  0x02B: 0xF02   44: 		HLT
  0x02C: 0xF02   45: 		HLT
  0x02D: 0xF02   46: 		HLT
  0x02E: 0xF02   47: 		HLT
  0x02F: 0xF02   48: 		HLT
  0x030: 0xF02   49: 		HLT
  0x031: 0xF02   50: 		HLT
  0x032: 0xF02   51: 		HLT
  0x033: 0xF02   52: 		HLT
  0x034: 0xF02   53: 		HLT
  0x035: 0xF02   54: 		HLT
  0x036: 0xF02   55: 		HLT
  0x037: 0xF02   56: 		HLT
  0x038: 0xF02   57: 		HLT
  0x039: 0xF02   58: 		HLT
  0x03A: 0xF02   59: 		HLT
  0x03B: 0xF02   60: 		HLT
  0x03C: 0xF02   61: 		HLT
  0x03D: 0xF02   62: 		HLT
  0x03E: 0xF02   63: 		HLT
  0x03F: 0xF02   64: 		HLT
  0x040: 0xF02   65: 		HLT
  0x041: 0xF02   66: 		HLT
  0x042: 0xF02   67: 		HLT
  0x043: 0xF02   68: 		HLT
  0x044: 0xF02   69: 		HLT
  0x045: 0xF02   70: 		HLT
  0x046: 0xF02   71: 		HLT
  0x047: 0xF02   72: 		HLT
  0x048: 0xF02   73: 		HLT
  0x049: 0xF02   74: 		HLT
  0x04A: 0xF02   75: 		HLT
  0x04B: 0xF02   76: 		HLT
  0x04C: 0xF02   77: 		HLT
  0x04D: 0xF02   78: 		HLT
  0x04E: 0xF02   79: 		HLT
  0x04F: 0xF02   80: 		HLT
  0x050: 0xF02   81: 		HLT
  0x051: 0xF02   82: 		HLT
  0x052: 0xF02   83: 		HLT
  0x053: 0xF02   84: 		HLT
  0x054: 0xF02   85: 		HLT
  0x055: 0xF02   86: 		HLT
  0x056: 0xF02   87: 		HLT
  0x057: 0xF02   88: 		HLT
  0x058: 0xF02   89: 		HLT
  0x059: 0xF02   90: 		HLT
  0x05A: 0xF02   91: 		HLT
  0x05B: 0xF02   92: 		HLT
  0x05C: 0xF02   93: 		HLT
  0x05D: 0xF02   94: 		HLT
  0x05E: 0xF02   95: 		HLT
  0x05F: 0xF02   96: 		HLT
  0x060: 0xF02   97: 		HLT
  0x061: 0xF02   98: 		HLT
  0x062: 0xF02   99: 		HLT
  0x063: 0xF02  100: 		HLT
  0x064: 0xF02  101: 		HLT
  0x065: 0xF02  102: 		HLT
  0x066: 0xF02  103: 		HLT
  0x067: 0xF02  104: 		HLT
  0x068: 0xF02  105: 		HLT
  0x069: 0xF02  106: 		HLT
  0x06A: 0xF02  107: 		HLT
  0x06B: 0xF02  108: 		HLT
  0x06C: 0xF02  109: 		HLT
  0x06D: 0xF02  110: 		HLT
  0x06E: 0xF02  111: 		HLT
  0x06F: 0xF02  112: 		HLT
  0x070: 0xF02  113: 		HLT
  0x071: 0xF02  114: 		HLT
  0x072: 0xF02  115: 		HLT
  0x073: 0xF02  116: 		HLT
  0x074: 0xF02  117: 		HLT
  0x075: 0xF02  118: 		HLT
  0x076: 0xF02  119: 		HLT
  0x077: 0xF02  120: 		HLT
  0x078: 0xF02  121: 		HLT / 120th HLT = 121st thing in memory
  0x079: 0xF02  122: 		HLT
  0x07A: 0xF02  123: 		HLT
  0x07B: 0xF02  124: 		HLT
  0x07C: 0xF02  125: 		HLT
  0x07D: 0xF02  126: 		HLT
