                  1: !@#$%^&*(){, 65
                  2: 
  0x000: 0x000    3: program, 0
  0x001: 0xE80    4: 		CLA
  0x002: 0x200    5: 		TAD !@#$%^&*()
  0x003: 0xC20    6: 		IOT 4 0
  0x004: 0xF02    7: 		HLT
                  8: 
                  9: END program
