  0x000: 0xE80    1: 		CLA
  0x001: 0x200    2: 		TAD   C
  0x002: 0xA00    3: 		JMP   NX
  0x003: 0x035    4: C,		'5'
  0x004: 0x000    5: D,		0
  0x005: 0x800    6: NX,		JMS  PUTC
