  0x000: 0xC18    1: 	IOT 3 , 0
  0x001: 0xC18    2:         IOT 3, 0
  0x002: 0xC18    3: 	IOT 3,0
  0x003: 0xC18    4: 	IOT 3 0
  0x004: 0xC18    5: 	IOT 3 ,0
  0x005: 0xC20    6: 	IOT 4 , 0
  0x006: 0xC20    7:         IOT 4, 0
  0x007: 0xC20    8: 	IOT 4,0
  0x008: 0xC20    9: 	IOT 4 0
  0x009: 0xC20   10: 	IOT 4 ,0
  0x00A: 0xF02   11: 	HLT
