  0x000: 0x016    1: a, b, c, 22
  0x001: 0x200    2: 	tad a
  0x002: 0x200    3: 	tad b
  0x003: 0x200    4: 	tad c
  0x004: 0xC20    5: 	IOT 4 0
